Target: http://seat-nlb-a1a61f5739a9984f.elb.us-east-2.amazonaws.com

══════════════ Phase 1: Main burst ══════════════
Show 240 | 60 seats (5 hot, 55 cold)
Minting 300 user tokens via /auth/token …
  minted in 0.5s
Firing 307 requests (7 duplicate-key replays mixed in, no cap — all at once) …

Completed in 0.54s  (572 req/s)
  latency       : p50=408ms  p95=516ms  p99=527ms  max=535ms
  201 confirmed : 64
  409 declined  : 243
    ↳ seat_taken: 243
  accounted     : 307 of 307 fired

  Server-side reconciliation (app counters, before/after burst):
    fired              : 307
    processed by app   : 307  (confirmed 60, seat_taken 243, replay 4)
    received by client : 307
    lost after app     : 0  (409s 0, 201s 0)
    never reached app  : 0

  [32mPASS[0m  per-seat winner: no seat double-booked  (4 replay 201s from idempotency, correct)
  [32mPASS[0m  GET confirmed=60 matches unique reservations
  invariant: available(0)+held(0)+confirmed(60)=60  total_seats=60  [32mPASS[0m
  [32mPASS[0m  zero 5xx / connection errors
  [32mPASS[0m  every response was 201 or 409
  [32mPASS[0m  no invariant violations during burst polling

  Reconciliation:
    total_seats : 60
    confirmed   : 60
    available   : 0
    held        : 0
    sum check   : 0+0+60=60 == 60  [32mPASS[0m

══════════════ Phase 2: Per-user limit ══════════════
Show 241 | 10 seats, per_user_limit=4
Firing 10 parallel single-seat reserves for the same user …
  201 confirmed           : 4  (expected 4)
  409 per_user_limit      : 6  (expected 6)
  [32mPASS[0m  exactly 4 seats confirmed
  [32mPASS[0m  remaining 6 correctly declined as per_user_limit

══════════════ Phase 3: Idempotency ══════════════
  First reserve → 201, reservation_id=11359
  [32mPASS[0m  replay returns same reservation_id (11359)
  [32mPASS[0m  confirmed=1 after replay (no duplicate seat claimed)
  [32mPASS[0m  same key + different seat → 409 idempotent_conflict

══════════════ Phase 4: Identity ══════════════
  [32mPASS[0m  spoofed body user_id ignored; response user_id = token's (real-user)
  [32mPASS[0m  cancel by wrong user → 404 (no reservation ID leak)

══════════════ Phase 5: Overlapping multi-seat ══════════════
Show 244 | 40 seats | 200 users, each wants an adjacent pair (half listed in reverse order)
Fired 200 pair requests in 0.26s
  201 confirmed : 17
  409 declined  : 183
    ↳ seat_taken: 183
  [32mPASS[0m  zero 5xx / 429: every response was 201 or 409 [seat_taken]
  [32mPASS[0m  no seat appears in two pair reservations
  [32mPASS[0m  GET confirmed=34 == 2 × 17 pair reservations (all-or-nothing held)
  invariant: available(6)+held(0)+confirmed(34)=40  total_seats=40  [32mPASS[0m
  [32mPASS[0m  no invariant violations during polling

══════════════ Phase 6: Cancel vs rebook race ══════════════
Show 245 | 20 seats, each held by its owner; 20 double-cancels race 1000 rebook attempts …
Race finished in 3.62s
  [32mPASS[0m  every double-cancel: exactly one 200, one 409 already_cancelled
  201 confirmed : 19
  409 declined  : 981
    ↳ seat_taken: 981
  [32mPASS[0m  zero 5xx / 429: every response was 201 or 409 [seat_taken]
  [32mPASS[0m  each released seat went to at most one racer (19 of 20 re-won during the race)
  [32mPASS[0m  GET confirmed=19 == racer wins (no cancelled seat stayed with its owner)
  invariant: available(1)+held(0)+confirmed(19)=20  total_seats=20  [32mPASS[0m
  [32mPASS[0m  1 leftover released seats rebooked cleanly
  invariant: available(0)+held(0)+confirmed(20)=20  total_seats=20  [32mPASS[0m
  [32mPASS[0m  no invariant violations during polling

══════════════ Summary ══════════════
  Phase 1  Main burst            [32mPASS[0m
  Phase 2  Per-user limit        [32mPASS[0m
  Phase 3  Idempotency           [32mPASS[0m
  Phase 4  Identity              [32mPASS[0m
  Phase 5  Multi-seat overlap    [32mPASS[0m
  Phase 6  Cancel vs rebook      [32mPASS[0m

══════════════ CloudWatch (last 15 min) ══════════════
== ECS CPU max %
2026-10-05T00:19:00-04:00	0.13302485644817352
2026-10-05T00:20:00-04:00	0.08150550723075867
2026-10-05T00:21:00-04:00	0.05397753044962882
2026-10-05T00:22:00-04:00	0.05357849597930908
2026-10-05T00:23:00-04:00	0.18707256019115448
2026-10-05T00:24:00-04:00	0.09314228594303131
2026-10-05T00:25:00-04:00	0.08806127309799194
2026-10-05T00:26:00-04:00	0.0843169093132019
2026-10-05T00:27:00-04:00	0.0881405770778656
2026-10-05T00:28:00-04:00	0.08808570355176926
2026-10-05T00:29:00-04:00	0.0755428746342659
2026-10-05T00:30:00-04:00	0.1043616533279419
2026-10-05T00:31:00-04:00	28.6170597076416
2026-10-05T00:32:00-04:00	0.5248226523399353
== ECS memory max %
2026-10-05T00:19:00-04:00	33.85009765625
2026-10-05T00:20:00-04:00	33.85009765625
2026-10-05T00:21:00-04:00	33.85009765625
2026-10-05T00:22:00-04:00	33.85009765625
2026-10-05T00:23:00-04:00	33.85009765625
2026-10-05T00:24:00-04:00	33.85009765625
2026-10-05T00:25:00-04:00	33.85009765625
2026-10-05T00:26:00-04:00	33.85009765625
2026-10-05T00:27:00-04:00	33.85009765625
2026-10-05T00:28:00-04:00	33.85009765625
2026-10-05T00:29:00-04:00	33.85009765625
2026-10-05T00:30:00-04:00	33.85009765625
2026-10-05T00:31:00-04:00	33.85009765625
2026-10-05T00:32:00-04:00	33.85009765625
== RDS CPU max %
2026-10-05T00:19:00-04:00	3.7216909494484223
2026-10-05T00:20:00-04:00	6.766666666666667
2026-10-05T00:21:00-04:00	5.209373543705479
2026-10-05T00:22:00-04:00	4.289338407103277
2026-10-05T00:23:00-04:00	4.0057963289916385
2026-10-05T00:24:00-04:00	3.595086714823075
2026-10-05T00:25:00-04:00	4.26686706746827
2026-10-05T00:26:00-04:00	4.141666666666667
2026-10-05T00:27:00-04:00	3.8083333333333327
2026-10-05T00:28:00-04:00	3.7341982701264134
2026-10-05T00:29:00-04:00	3.671745915182669
2026-10-05T00:30:00-04:00	4.811300301852809
2026-10-05T00:31:00-04:00	5.441666666666667
2026-10-05T00:32:00-04:00	4.266666666666667
2026-10-05T00:33:00-04:00	4.097473224844679
== RDS connections
2026-10-05T00:19:00-04:00	41.0
2026-10-05T00:20:00-04:00	41.0
2026-10-05T00:21:00-04:00	41.0
2026-10-05T00:22:00-04:00	41.0
2026-10-05T00:23:00-04:00	41.0
2026-10-05T00:24:00-04:00	41.0
2026-10-05T00:25:00-04:00	41.0
2026-10-05T00:26:00-04:00	41.0
2026-10-05T00:27:00-04:00	41.0
2026-10-05T00:28:00-04:00	41.0
2026-10-05T00:29:00-04:00	41.0
2026-10-05T00:30:00-04:00	41.0
2026-10-05T00:31:00-04:00	70.0
2026-10-05T00:32:00-04:00	70.0
2026-10-05T00:33:00-04:00	70.0
== NLB ActiveFlowCount max
2026-10-05T00:19:00-04:00	4.0
2026-10-05T00:20:00-04:00	2.0
2026-10-05T00:21:00-04:00	1.0
2026-10-05T00:22:00-04:00	1.0
2026-10-05T00:23:00-04:00	3.0
2026-10-05T00:24:00-04:00	2.0
2026-10-05T00:25:00-04:00	2.0
2026-10-05T00:26:00-04:00	2.0
2026-10-05T00:27:00-04:00	2.0
2026-10-05T00:28:00-04:00	3.0
2026-10-05T00:29:00-04:00	2.0
2026-10-05T00:30:00-04:00	3.0
2026-10-05T00:31:00-04:00	2.0
== NLB NewFlowCount
2026-10-05T00:19:00-04:00	1.0
2026-10-05T00:20:00-04:00	1.0
2026-10-05T00:21:00-04:00	0.0
2026-10-05T00:22:00-04:00	1.0
2026-10-05T00:23:00-04:00	2.0
2026-10-05T00:24:00-04:00	1.0
2026-10-05T00:25:00-04:00	0.0
2026-10-05T00:26:00-04:00	0.0
2026-10-05T00:27:00-04:00	1.0
2026-10-05T00:28:00-04:00	0.0
2026-10-05T00:29:00-04:00	1.0
2026-10-05T00:30:00-04:00	0.0
2026-10-05T00:31:00-04:00	0.0
== NLB ProcessedBytes
2026-10-05T00:19:00-04:00	1233.0
2026-10-05T00:20:00-04:00	880.0
2026-10-05T00:21:00-04:00	0.0
2026-10-05T00:22:00-04:00	156.0
2026-10-05T00:23:00-04:00	1955.0
2026-10-05T00:24:00-04:00	216.0
2026-10-05T00:25:00-04:00	88.0
2026-10-05T00:26:00-04:00	0.0
2026-10-05T00:27:00-04:00	540.0
2026-10-05T00:28:00-04:00	120.0
2026-10-05T00:29:00-04:00	84.0
2026-10-05T00:30:00-04:00	220.0
2026-10-05T00:31:00-04:00	0.0
== NLB TCP client resets
2026-10-05T00:19:00-04:00	0.0
2026-10-05T00:20:00-04:00	0.0
2026-10-05T00:21:00-04:00	0.0
2026-10-05T00:22:00-04:00	0.0
2026-10-05T00:23:00-04:00	0.0
2026-10-05T00:24:00-04:00	0.0
2026-10-05T00:25:00-04:00	0.0
2026-10-05T00:26:00-04:00	0.0
2026-10-05T00:27:00-04:00	0.0
2026-10-05T00:28:00-04:00	0.0
2026-10-05T00:29:00-04:00	0.0
2026-10-05T00:30:00-04:00	0.0
2026-10-05T00:31:00-04:00	0.0
== NLB TCP target resets
2026-10-05T00:19:00-04:00	0.0
2026-10-05T00:20:00-04:00	0.0
2026-10-05T00:21:00-04:00	0.0
2026-10-05T00:22:00-04:00	0.0
2026-10-05T00:23:00-04:00	0.0
2026-10-05T00:24:00-04:00	0.0
2026-10-05T00:25:00-04:00	0.0
2026-10-05T00:26:00-04:00	0.0
2026-10-05T00:27:00-04:00	0.0
2026-10-05T00:28:00-04:00	0.0
2026-10-05T00:29:00-04:00	0.0
2026-10-05T00:30:00-04:00	0.0
2026-10-05T00:31:00-04:00	0.0
== NLB TCP ELB resets
2026-10-05T00:19:00-04:00	0.0
2026-10-05T00:20:00-04:00	1.0
2026-10-05T00:21:00-04:00	0.0
2026-10-05T00:22:00-04:00	1.0
2026-10-05T00:23:00-04:00	0.0
2026-10-05T00:24:00-04:00	0.0
2026-10-05T00:25:00-04:00	0.0
2026-10-05T00:26:00-04:00	0.0
2026-10-05T00:27:00-04:00	0.0
2026-10-05T00:28:00-04:00	0.0
2026-10-05T00:29:00-04:00	0.0
2026-10-05T00:30:00-04:00	0.0
2026-10-05T00:31:00-04:00	1.0
== NLB HealthyHostCount min
2026-10-05T00:19:00-04:00	1.0
2026-10-05T00:20:00-04:00	1.0
2026-10-05T00:21:00-04:00	1.0
2026-10-05T00:22:00-04:00	1.0
2026-10-05T00:23:00-04:00	1.0
2026-10-05T00:24:00-04:00	1.0
2026-10-05T00:25:00-04:00	1.0
2026-10-05T00:26:00-04:00	1.0
2026-10-05T00:27:00-04:00	1.0
2026-10-05T00:28:00-04:00	1.0
2026-10-05T00:29:00-04:00	1.0
2026-10-05T00:30:00-04:00	1.0
2026-10-05T00:31:00-04:00	1.0
== NLB UnHealthyHostCount max
2026-10-05T00:19:00-04:00	0.0
2026-10-05T00:20:00-04:00	0.0
2026-10-05T00:21:00-04:00	0.0
2026-10-05T00:22:00-04:00	0.0
2026-10-05T00:23:00-04:00	0.0
2026-10-05T00:24:00-04:00	0.0
2026-10-05T00:25:00-04:00	0.0
2026-10-05T00:26:00-04:00	0.0
2026-10-05T00:27:00-04:00	0.0
2026-10-05T00:28:00-04:00	0.0
2026-10-05T00:29:00-04:00	0.0
2026-10-05T00:30:00-04:00	0.0
2026-10-05T00:31:00-04:00	0.0
== ALB TargetResponseTime max (s)
2026-10-05T00:19:00-04:00	0.001072
2026-10-05T00:23:00-04:00	0.000694
2026-10-05T00:24:00-04:00	0.001307
2026-10-05T00:26:00-04:00	0.000705
2026-10-05T00:30:00-04:00	0.001351
== ALB RequestCount
2026-10-05T00:19:00-04:00	2.0
2026-10-05T00:20:00-04:00	0.0
2026-10-05T00:21:00-04:00	0.0
2026-10-05T00:22:00-04:00	0.0
2026-10-05T00:23:00-04:00	1.0
2026-10-05T00:24:00-04:00	1.0
2026-10-05T00:25:00-04:00	0.0
2026-10-05T00:26:00-04:00	1.0
2026-10-05T00:27:00-04:00	0.0
2026-10-05T00:28:00-04:00	0.0
2026-10-05T00:29:00-04:00	0.0
2026-10-05T00:30:00-04:00	2.0
2026-10-05T00:31:00-04:00	0.0
2026-10-05T00:32:00-04:00	0.0
2026-10-05T00:33:00-04:00	0.0
== ALB NewConnectionCount
2026-10-05T00:19:00-04:00	4.0
2026-10-05T00:23:00-04:00	2.0
2026-10-05T00:24:00-04:00	2.0
2026-10-05T00:26:00-04:00	2.0
2026-10-05T00:27:00-04:00	1.0
2026-10-05T00:29:00-04:00	1.0
2026-10-05T00:30:00-04:00	4.0
== ALB ActiveConnectionCount
2026-10-05T00:19:00-04:00	4.0
2026-10-05T00:20:00-04:00	2.0
2026-10-05T00:23:00-04:00	2.0
2026-10-05T00:24:00-04:00	3.0
2026-10-05T00:25:00-04:00	1.0
2026-10-05T00:26:00-04:00	2.0
2026-10-05T00:27:00-04:00	2.0
2026-10-05T00:29:00-04:00	1.0
2026-10-05T00:30:00-04:00	4.0
2026-10-05T00:31:00-04:00	2.0
== ALB RejectedConnectionCount
== ALB TargetConnectionErrorCount
== ALB ELB 5xx
== ALB Target 5xx
== ALB HealthyHostCount min
2026-10-05T00:19:00-04:00	1.0
2026-10-05T00:20:00-04:00	1.0
2026-10-05T00:21:00-04:00	1.0
2026-10-05T00:22:00-04:00	1.0
2026-10-05T00:23:00-04:00	1.0
2026-10-05T00:24:00-04:00	1.0
2026-10-05T00:25:00-04:00	1.0
2026-10-05T00:26:00-04:00	1.0
2026-10-05T00:27:00-04:00	1.0
2026-10-05T00:28:00-04:00	1.0
2026-10-05T00:29:00-04:00	1.0
2026-10-05T00:30:00-04:00	1.0
2026-10-05T00:31:00-04:00	2.0
2026-10-05T00:32:00-04:00	1.0
2026-10-05T00:33:00-04:00	1.0
