22:58:00 200
22:58:02 200
22:58:04 200
22:58:06 200
22:58:08 200
22:58:11 200
22:58:13 200
22:58:15 200
22:58:17 200
22:58:19 200
22:58:21 200
22:58:24 200
22:58:26 200
22:58:28 200
22:58:30 200
22:58:32 200
22:58:34 200
22:58:37 000
22:58:41 000
22:58:45 000
22:58:49 000
22:58:53 000
22:58:57 000
22:59:01 000
22:59:05 200
22:59:08 200
22:59:10 200
22:59:13 200
22:59:15 200
22:59:17 200
22:59:19 200
22:59:21 200
22:59:23 200
22:59:26 200
22:59:28 200
22:59:30 200
22:59:32 200
22:59:34 200
22:59:36 200
22:59:38 200
22:59:41 200
22:59:43 200
22:59:45 200
22:59:47 200
22:59:49 200
22:59:51 200
22:59:53 200
22:59:56 200
22:59:58 200
23:00:00 200
23:00:02 200
23:00:04 200
23:00:06 200
23:00:09 200
23:00:11 200
23:00:13 200
23:00:15 200
23:00:17 200
23:00:19 200
23:00:22 200
23:00:24 200
23:00:26 200
23:00:28 200
23:00:30 200
23:00:32 200
23:00:35 200
23:00:37 200
23:00:39 200
23:00:41 200
23:00:43 200
23:00:45 200
23:00:47 200
23:00:50 200
23:00:52 200
23:00:54 200
23:00:56 200
23:00:58 200
23:01:00 200
23:01:03 200
23:01:05 200
23:01:07 200
23:01:09 200
23:01:11 200
23:01:13 200
23:01:16 200
23:01:18 200
23:01:20 200
23:01:22 200
23:01:24 200
23:01:26 200
23:01:29 200
23:01:31 200
23:01:33 200
23:01:35 200
23:01:37 200
23:01:39 200
23:01:42 200
23:01:44 200
23:01:46 200
23:01:48 200
23:01:50 200
23:01:53 200
23:01:55 200
23:01:57 200
23:01:59 200
23:02:01 200
23:02:03 200
23:02:05 200
23:02:08 200
23:02:10 200
23:02:12 200
23:02:14 200
23:02:16 200
23:02:18 200
23:02:21 200
23:02:23 200
23:02:25 200
23:02:27 200
23:02:29 200
23:02:32 200
23:02:34 200
23:02:36 200
23:02:38 200
23:02:40 200
23:02:42 200
23:02:45 200
23:02:47 200
23:02:49 200
23:02:51 200
23:02:54 200
23:02:56 200
23:02:58 200
23:03:00 200
23:03:02 200
23:03:04 200
23:03:07 200
23:03:09 200
23:03:11 200
23:03:13 200
23:03:15 200
23:03:17 200
23:03:19 200
23:03:22 200
23:03:24 200
