Burst: requests=20000 seats=200 hot=20 cap=0 -> http://172.31.27.43:8080
task: 06df88f7df364e22873f2a7d405d63da  (started 17:03:44)
RUNNING
DONE    (finished 17:04:59)
exit code: 0
INFO: JWT_SECRET not set — using the app's default secret.
Target: http://172.31.27.43:8080
══════════════ Phase 1: Main burst ══════════════
Show 122 | 200 seats (20 hot, 180 cold)
Firing 20500 requests (500 duplicate-key replays mixed in, no cap — all at once) …
Completed in 35.03s  (585 req/s)
  latency       : p50=4797ms  p95=7843ms  p99=8215ms  max=8311ms
  201 confirmed : 210
  409 declined  : 20273
    ↳ seat_taken: 20273
  ERR           : 17
  accounted     : 20500 of 20500 fired
  ERR samples:
    Post "http://172.31.27.43:8080/shows/122/reserve": context deadline exceeded (Client.Timeout exceeded while awaiting headers)
    Post "http://172.31.27.43:8080/shows/122/reserve": context deadline exceeded (Client.Timeout exceeded while awaiting headers)
    Post "http://172.31.27.43:8080/shows/122/reserve": context deadline exceeded (Client.Timeout exceeded while awaiting headers)
    Post "http://172.31.27.43:8080/shows/122/reserve": context deadline exceeded (Client.Timeout exceeded while awaiting headers)
    Post "http://172.31.27.43:8080/shows/122/reserve": context deadline exceeded (Client.Timeout exceeded while awaiting headers)
  Server-side reconciliation (app counters, before/after burst):
    fired              : 20500
    processed by app   : 20483  (confirmed 200, seat_taken 20273, replay 10)
    received by client : 20483
    lost after app     : 0  (409s 0, 201s 0)
    never reached app  : 17
  Recovery: 17 connection-error requests retried with original Idempotency-Key
    409 seat_taken          : 17
  [32mPASS[0m  per-seat winner: no seat double-booked  (10 replay 201s from idempotency, correct)
  [32mPASS[0m  GET confirmed=200 matches unique reservations
  invariant: available(0)+held(0)+confirmed(200)=200  total_seats=200  [32mPASS[0m
  WARN  zero 5xx; 17 connection errors in burst, all recovered by idempotent retry
  [32mPASS[0m  every response was 201 or 409
  [32mPASS[0m  no invariant violations during burst polling
  Reconciliation:
    total_seats : 200
    confirmed   : 200
    available   : 0
    held        : 0
    sum check   : 0+0+200=200 == 200  [32mPASS[0m
══════════════ Phase 2: Per-user limit ══════════════
Show 123 | 10 seats, per_user_limit=4
Firing 10 parallel single-seat reserves for the same user …
  201 confirmed           : 4  (expected 4)
  409 per_user_limit      : 6  (expected 6)
  [32mPASS[0m  exactly 4 seats confirmed
  [32mPASS[0m  remaining 6 correctly declined as per_user_limit
══════════════ Phase 3: Idempotency ══════════════
  First reserve → 201, reservation_id=6445
  [32mPASS[0m  replay returns same reservation_id (6445)
  [32mPASS[0m  confirmed=1 after replay (no duplicate seat claimed)
  [32mPASS[0m  same key + different seat → 409 idempotent_conflict
══════════════ Phase 4: Identity ══════════════
  [32mPASS[0m  spoofed body user_id ignored; response user_id = token's (real-user)
  [32mPASS[0m  cancel by wrong user → 404 (no reservation ID leak)
══════════════ Summary ══════════════
  Phase 1  Main burst            [32mPASS[0m
  Phase 2  Per-user limit        [32mPASS[0m
  Phase 3  Idempotency           [32mPASS[0m
  Phase 4  Identity              [32mPASS[0m
  WARN     Phase 1 connection errors: 17 (see Recovery above)
