Burst: requests=20000 seats=200 hot=20 cap=0 -> http://172.31.27.43:8080
task: e8a7c11ab49e4172923915ac006accbd  (started 17:08:14)
RUNNING
DONE    (finished 17:09:08)
exit code: 0
INFO: JWT_SECRET not set — using the app's default secret.
Target: http://172.31.27.43:8080
══════════════ Phase 1: Main burst ══════════════
Show 134 | 200 seats (20 hot, 180 cold)
Firing 20500 requests (500 duplicate-key replays mixed in, no cap — all at once) …
Completed in 9.83s  (2086 req/s)
  latency       : p50=6134ms  p95=8817ms  p99=9180ms  max=9383ms
  201 confirmed : 219
  409 declined  : 20281
    ↳ seat_taken: 20281
  accounted     : 20500 of 20500 fired
  Server-side reconciliation (app counters, before/after burst):
    fired              : 20500
    processed by app   : 20500  (confirmed 200, seat_taken 20281, replay 19)
    received by client : 20500
    lost after app     : 0  (409s 0, 201s 0)
    never reached app  : 0
  [32mPASS[0m  per-seat winner: no seat double-booked  (19 replay 201s from idempotency, correct)
  [32mPASS[0m  GET confirmed=200 matches unique reservations
  invariant: available(0)+held(0)+confirmed(200)=200  total_seats=200  [32mPASS[0m
  [32mPASS[0m  zero 5xx / connection errors
  [32mPASS[0m  every response was 201 or 409
  [32mPASS[0m  no invariant violations during burst polling
  Reconciliation:
    total_seats : 200
    confirmed   : 200
    available   : 0
    held        : 0
    sum check   : 0+0+200=200 == 200  [32mPASS[0m
══════════════ Phase 2: Per-user limit ══════════════
Show 135 | 10 seats, per_user_limit=4
Firing 10 parallel single-seat reserves for the same user …
  201 confirmed           : 4  (expected 4)
  409 per_user_limit      : 6  (expected 6)
  [32mPASS[0m  exactly 4 seats confirmed
  [32mPASS[0m  remaining 6 correctly declined as per_user_limit
══════════════ Phase 3: Idempotency ══════════════
  First reserve → 201, reservation_id=7063
  [32mPASS[0m  replay returns same reservation_id (7063)
  [32mPASS[0m  confirmed=1 after replay (no duplicate seat claimed)
  [32mPASS[0m  same key + different seat → 409 idempotent_conflict
══════════════ Phase 4: Identity ══════════════
  [32mPASS[0m  spoofed body user_id ignored; response user_id = token's (real-user)
  [32mPASS[0m  cancel by wrong user → 404 (no reservation ID leak)
══════════════ Summary ══════════════
  Phase 1  Main burst            [32mPASS[0m
  Phase 2  Per-user limit        [32mPASS[0m
  Phase 3  Idempotency           [32mPASS[0m
  Phase 4  Identity              [32mPASS[0m
