Burst: requests=20000 seats=200 hot=20 cap=0 -> http://seat-alb-v2-811419728.us-east-2.elb.amazonaws.com
task: 2451ca23bce04510b9c8aedfd4fb75e6  (started 16:48:00)
RUNNING
DONE    (finished 16:48:53)
exit code: 0
INFO: JWT_SECRET not set — using the app's default secret.
Target: http://seat-alb-v2-811419728.us-east-2.elb.amazonaws.com
══════════════ Phase 1: Main burst ══════════════
Show 114 | 200 seats (20 hot, 180 cold)
Firing 20500 requests (500 duplicate-key replays mixed in, no cap — all at once) …
Completed in 9.66s  (2121 req/s)
  latency       : p50=5030ms  p95=9057ms  p99=9188ms  max=9261ms
  201 confirmed : 209
  409 declined  : 13769
    ↳ seat_taken: 13769
  ERR           : 6522
  accounted     : 20500 of 20500 fired
  ERR samples:
    Post "http://seat-alb-v2-811419728.us-east-2.elb.amazonaws.com/shows/114/reserve": EOF
    Post "http://seat-alb-v2-811419728.us-east-2.elb.amazonaws.com/shows/114/reserve": read tcp 172.31.26.119:36012->3.15.62.27:80: read: connection reset by peer
    Post "http://seat-alb-v2-811419728.us-east-2.elb.amazonaws.com/shows/114/reserve": read tcp 172.31.26.119:36108->3.15.62.27:80: read: connection reset by peer
    Post "http://seat-alb-v2-811419728.us-east-2.elb.amazonaws.com/shows/114/reserve": read tcp 172.31.26.119:38192->3.15.62.27:80: read: connection reset by peer
    Post "http://seat-alb-v2-811419728.us-east-2.elb.amazonaws.com/shows/114/reserve": EOF
  Server-side reconciliation (app counters, before/after burst):
    fired              : 20500
    processed by app   : 15186  (confirmed 200, seat_taken 14974, replay 12)
    received by client : 13978
    lost after app     : 1208  (409s 1205, 201s 3)
    never reached app  : 5314
  Recovery: 6522 connection-error requests retried with original Idempotency-Key
    409 seat_taken          : 6512
    201                     : 10
  [32mPASS[0m  per-seat winner: no seat double-booked  (19 replay 201s from idempotency, correct)
  [32mPASS[0m  GET confirmed=200 matches unique reservations
  invariant: available(0)+held(0)+confirmed(200)=200  total_seats=200  [32mPASS[0m
  WARN  zero 5xx; 6522 connection errors in burst, all recovered by idempotent retry
  [32mPASS[0m  every response was 201 or 409
  [32mPASS[0m  no invariant violations during burst polling
  INFO  1 invariant-poll GETs hit connection errors (not violations)
  Reconciliation:
    total_seats : 200
    confirmed   : 200
    available   : 0
    held        : 0
    sum check   : 0+0+200=200 == 200  [32mPASS[0m
══════════════ Phase 2: Per-user limit ══════════════
Show 115 | 10 seats, per_user_limit=4
Firing 10 parallel single-seat reserves for the same user …
  201 confirmed           : 4  (expected 4)
  409 per_user_limit      : 6  (expected 6)
  [32mPASS[0m  exactly 4 seats confirmed
  [32mPASS[0m  remaining 6 correctly declined as per_user_limit
══════════════ Phase 3: Idempotency ══════════════
  First reserve → 201, reservation_id=6033
  [32mPASS[0m  replay returns same reservation_id (6033)
  [32mPASS[0m  confirmed=1 after replay (no duplicate seat claimed)
  [32mPASS[0m  same key + different seat → 409 idempotent_conflict
══════════════ Phase 4: Identity ══════════════
  [32mPASS[0m  spoofed body user_id ignored; response user_id = token's (real-user)
  [32mPASS[0m  cancel by wrong user → 404 (no reservation ID leak)
══════════════ Summary ══════════════
  Phase 1  Main burst            [32mPASS[0m
  Phase 2  Per-user limit        [32mPASS[0m
  Phase 3  Idempotency           [32mPASS[0m
  Phase 4  Identity              [32mPASS[0m
  WARN     Phase 1 connection errors: 6522 (see Recovery above)
