Burst: requests=300 seats=60 hot=5 cap=0 -> http://seat-nlb-a1a61f5739a9984f.elb.us-east-2.amazonaws.com
task: d1f2569119364c6bb9369473f9f4d206  (started 22:21:35)
RUNNING
DONE    (finished 22:22:23)
exit code: 0
Target: http://seat-nlb-a1a61f5739a9984f.elb.us-east-2.amazonaws.com
══════════════ Phase 1: Main burst ══════════════
Show 197 | 60 seats (5 hot, 55 cold)
Minting 300 user tokens via /auth/token …
  minted in 0.2s
Firing 307 requests (7 duplicate-key replays mixed in, no cap — all at once) …
Completed in 0.17s  (1802 req/s)
  latency       : p50=128ms  p95=164ms  p99=166ms  max=169ms
  201 confirmed : 64
  409 declined  : 243
    ↳ seat_taken: 243
  accounted     : 307 of 307 fired
  Server-side reconciliation (app counters, before/after burst):
    fired              : 307
    processed by app   : 307  (confirmed 60, seat_taken 243, replay 4)
    received by client : 307
    lost after app     : 0  (409s 0, 201s 0)
    never reached app  : 0
  [32mPASS[0m  per-seat winner: no seat double-booked  (4 replay 201s from idempotency, correct)
  [32mPASS[0m  GET confirmed=60 matches unique reservations
  invariant: available(0)+held(0)+confirmed(60)=60  total_seats=60  [32mPASS[0m
  [32mPASS[0m  zero 5xx / connection errors
  [32mPASS[0m  every response was 201 or 409
  [32mPASS[0m  no invariant violations during burst polling
  Reconciliation:
    total_seats : 60
    confirmed   : 60
    available   : 0
    held        : 0
    sum check   : 0+0+60=60 == 60  [32mPASS[0m
══════════════ Phase 2: Per-user limit ══════════════
Show 198 | 10 seats, per_user_limit=4
Firing 10 parallel single-seat reserves for the same user …
  201 confirmed           : 4  (expected 4)
  409 per_user_limit      : 6  (expected 6)
  [32mPASS[0m  exactly 4 seats confirmed
  [32mPASS[0m  remaining 6 correctly declined as per_user_limit
══════════════ Phase 3: Idempotency ══════════════
  First reserve → 201, reservation_id=9653
  [32mPASS[0m  replay returns same reservation_id (9653)
  [32mPASS[0m  confirmed=1 after replay (no duplicate seat claimed)
  [32mPASS[0m  same key + different seat → 409 idempotent_conflict
══════════════ Phase 4: Identity ══════════════
  [32mPASS[0m  spoofed body user_id ignored; response user_id = token's (real-user)
  [32mPASS[0m  cancel by wrong user → 404 (no reservation ID leak)
══════════════ Phase 5: Overlapping multi-seat ══════════════
Show 201 | 40 seats | 200 users, each wants an adjacent pair (half listed in reverse order)
Fired 200 pair requests in 0.08s
  201 confirmed : 16
  409 declined  : 184
    ↳ seat_taken: 184
  [32mPASS[0m  zero 5xx / 429: every response was 201 or 409 [seat_taken]
  [32mPASS[0m  no seat appears in two pair reservations
  [32mPASS[0m  GET confirmed=32 == 2 × 16 pair reservations (all-or-nothing held)
  invariant: available(8)+held(0)+confirmed(32)=40  total_seats=40  [32mPASS[0m
  [32mPASS[0m  no invariant violations during polling
══════════════ Phase 6: Cancel vs rebook race ══════════════
Show 202 | 20 seats, each held by its owner; 20 double-cancels race 1000 rebook attempts …
Race finished in 0.58s
  [32mPASS[0m  every double-cancel: exactly one 200, one 409 already_cancelled
  201 confirmed : 10
  409 declined  : 990
    ↳ seat_taken: 990
  [32mPASS[0m  zero 5xx / 429: every response was 201 or 409 [seat_taken]
  [32mPASS[0m  each released seat went to at most one racer (10 of 20 re-won during the race)
  [32mPASS[0m  GET confirmed=10 == racer wins (no cancelled seat stayed with its owner)
  invariant: available(10)+held(0)+confirmed(10)=20  total_seats=20  [32mPASS[0m
  [32mPASS[0m  10 leftover released seats rebooked cleanly
  invariant: available(0)+held(0)+confirmed(20)=20  total_seats=20  [32mPASS[0m
  [32mPASS[0m  no invariant violations during polling
══════════════ Summary ══════════════
  Phase 1  Main burst            [32mPASS[0m
  Phase 2  Per-user limit        [32mPASS[0m
  Phase 3  Idempotency           [32mPASS[0m
  Phase 4  Identity              [32mPASS[0m
  Phase 5  Multi-seat overlap    [32mPASS[0m
  Phase 6  Cancel vs rebook      [32mPASS[0m
